
[0;35m════════════════════════════════════════════[0m
[0;35mPHASE 1: PRE-FLIGHT CHECKS[0m
[0;35m════════════════════════════════════════════[0m
[0;34m[2026-06-05 09:49:48][0m Checking Node.js installation...
[0;32m✅ Node.js v20.20.2 found[0m
[0;34m[2026-06-05 09:49:48][0m Checking Git installation...
[0;32m✅ Git found[0m
[0;34m[2026-06-05 09:49:48][0m Checking current branch...
[0;32m✅ Branch verification passed[0m
[0;34m[2026-06-05 09:49:48][0m Checking required files...
[0;32m✅ All required files present[0m

[0;35m════════════════════════════════════════════[0m
[0;35mPHASE 2: ENVIRONMENT CONFIGURATION[0m
[0;35m════════════════════════════════════════════[0m
[0;34m[2026-06-05 09:49:48][0m Creating environment configuration template...
[1;33m⚠️  .env.production already exists[0m
[0;34m[2026-06-05 09:51:00][0m Skipping environment setup

[0;35m════════════════════════════════════════════[0m
[0;35mPHASE 3: BUILD & DEPENDENCIES[0m
[0;35m════════════════════════════════════════════[0m
[0;34m[2026-06-05 09:51:00][0m Installing dependencies...
npm warn config production Use `--omit=dev` instead.

added 1 package, and audited 705 packages in 5s

160 packages are looking for funding
  run `npm fund` for details

found 0 vulnerabilities
[0;32m✅ Dependencies installed[0m
[0;34m[2026-06-05 09:51:05][0m Building Next.js application...
    at init (turbopack:///[turbopack-node]/child_process/evaluate.ts:74:20) [/Users/jeremiahjoeldrains/Desktop/Triumph-Synergy-Digital-Financial-Ecosystem-main/.next/build/chunks/[root-of-the-server]__0ubbtyl._.js:429:26]
    [at process.processTicksAndRejections (node:internal/process/task_queues:95:5)]

Import trace:
  Client Component Browser:
    ./node_modules/react-data-grid/lib/styles.css [Client Component Browser]
    ./components/sheet-editor.tsx [Client Component Browser]
    ./artifacts/sheet/client.tsx [Client Component Browser]
    ./components/artifact.tsx [Client Component Browser]
    ./components/chat.tsx [Client Component Browser]
    ./components/chat.tsx [Server Component]
    ./app/(chat)/chat/[id]/page.tsx [Server Component]


    at require (turbopack:///[turbopack-node]/transforms/postcss.ts:49:25) [/Users/jeremiahjoeldrains/Desktop/Triumph-Synergy-Digital-Financial-Ecosystem-main/.next/build/chunks/[root-of-the-server]__0d-m0h0._.js:134:33])
    at map (turbopack:///[turbopack-node]/transforms/postcss.ts:43:33) [/Users/jeremiahjoeldrains/Desktop/Triumph-Synergy-Digital-Financial-Ecosystem-main/.next/build/chunks/[root-of-the-server]__0d-m0h0._.js:129:35])
    at init (turbopack:///[turbopack-node]/child_process/evaluate.ts:74:20) [/Users/jeremiahjoeldrains/Desktop/Triumph-Synergy-Digital-Financial-Ecosystem-main/.next/build/chunks/[root-of-the-server]__0ubbtyl._.js:429:26])
    at require (turbopack:///[turbopack-node]/transforms/postcss.ts:49:25) [/Users/jeremiahjoeldrains/Desktop/Triumph-Synergy-Digital-Financial-Ecosystem-main/.next/build/chunks/[root-of-the-server]__0d-m0h0._.js:134:33])
    at map (turbopack:///[turbopack-node]/transforms/postcss.ts:43:33) [/Users/jeremiahjoeldrains/Desktop/Triumph-Synergy-Digital-Financial-Ecosystem-main/.next/build/chunks/[root-of-the-server]__0d-m0h0._.js:129:35])
    at init (turbopack:///[turbopack-node]/child_process/evaluate.ts:74:20) [/Users/jeremiahjoeldrains/Desktop/Triumph-Synergy-Digital-Financial-Ecosystem-main/.next/build/chunks/[root-of-the-server]__0ubbtyl._.js:429:26])
[0;32m✅ Next.js build completed[0m
[0;34m[2026-06-05 09:55:04][0m Verifying TypeScript compilation...
components/saib-dashboard.tsx(122,3): error TS1005: 'try' expected.
components/saib-dashboard.tsx(125,9): error TS1128: Declaration or statement expected.
components/saib-dashboard.tsx(138,5): error TS1128: Declaration or statement expected.
components/saib-dashboard.tsx(138,6): error TS1128: Declaration or statement expected.
components/saib-dashboard.tsx(138,21): error TS1005: ';' expected.
components/saib-dashboard.tsx(471,1): error TS1128: Declaration or statement expected.
[0;32m✅ TypeScript compilation verified[0m

[0;35m════════════════════════════════════════════[0m
[0;35mPHASE 4: DATABASE INITIALIZATION (MANUAL STEP)[0m
[0;35m════════════════════════════════════════════[0m
[0;34m[2026-06-05 09:55:37][0m Database schema ready for Supabase execution
[1;33m⚠️  Schema initialization postponed[0m
[1;33m⚠️  Database initialization incomplete[0m

[0;35m════════════════════════════════════════════[0m
[0;35mPHASE 5: CLOUDFLARE CONFIGURATION (MANUAL STEP)[0m
[0;35m════════════════════════════════════════════[0m
[0;34m[2026-06-05 09:55:37][0m Cloudflare infrastructure setup
