
> triumph-synergy@1.0.0 build C:\Users\13865\triumph-synergy
> next build

Γû▓ Next.js 16.1.1 (Turbopack)
- Environments: .env.local, .env.production
- Experiments (use with caution):
  ┬╖ optimizePackageImports

  Creating an optimized production build ...
Γ£ô Compiled successfully in 60s
  Running TypeScript ...
  Collecting page data using 3 workers ...
Allodial Deeds Platform initialized
ΓòÉΓòÉΓòÉΓòÉΓòÉΓòÉΓòÉΓòÉΓòÉΓòÉΓòÉΓòÉΓòÉΓòÉΓòÉΓòÉΓòÉΓòÉΓòÉΓòÉΓòÉΓòÉΓòÉΓòÉΓòÉΓòÉΓòÉΓòÉΓòÉΓòÉΓòÉΓòÉΓòÉΓòÉΓòÉΓòÉΓòÉΓòÉΓòÉΓòÉΓòÉΓòÉΓòÉΓòÉΓòÉΓòÉΓòÉΓòÉΓòÉΓòÉΓòÉΓòÉΓòÉΓòÉΓòÉΓòÉΓòÉΓòÉΓòÉΓòÉΓòÉΓòÉΓòÉ
   TRIUMPH-SYNERGY HEADQUARTERS - ALLODIAL DEED REGISTERED
ΓòÉΓòÉΓòÉΓòÉΓòÉΓòÉΓòÉΓòÉΓòÉΓòÉΓòÉΓòÉΓòÉΓòÉΓòÉΓòÉΓòÉΓòÉΓòÉΓòÉΓòÉΓòÉΓòÉΓòÉΓòÉΓòÉΓòÉΓòÉΓòÉΓòÉΓòÉΓòÉΓòÉΓòÉΓòÉΓòÉΓòÉΓòÉΓòÉΓòÉΓòÉΓòÉΓòÉΓòÉΓòÉΓòÉΓòÉΓòÉΓòÉΓòÉΓòÉΓòÉΓòÉΓòÉΓòÉΓòÉΓòÉΓòÉΓòÉΓòÉΓòÉΓòÉΓòÉ
   Property: 135 Lake Como Dr, Pomona Park, FL 32181
   Deed Number: AD-TRIUMPH-HQ-001
   Status: ALLODIAL PERFECTED
   Owner: Triumph-Synergy Owner (Supreme Authority)
   Encumbrances: NONE
   Liens: NONE
   Title Type: TRUE ALLODIAL - No Government Encumbrances
   Recorded: January 9, 2026
ΓòÉΓòÉΓòÉΓòÉΓòÉΓòÉΓòÉΓòÉΓòÉΓòÉΓòÉΓòÉΓòÉΓòÉΓòÉΓòÉΓòÉΓòÉΓòÉΓòÉΓòÉΓòÉΓòÉΓòÉΓòÉΓòÉΓòÉΓòÉΓòÉΓòÉΓòÉΓòÉΓòÉΓòÉΓòÉΓòÉΓòÉΓòÉΓòÉΓòÉΓòÉΓòÉΓòÉΓòÉΓòÉΓòÉΓòÉΓòÉΓòÉΓòÉΓòÉΓòÉΓòÉΓòÉΓòÉΓòÉΓòÉΓòÉΓòÉΓòÉΓòÉΓòÉΓòÉ
[ApplicationRegistry] Initialized
[Pi Payments] Initialized with app ecommerce-app (testnet)
[Pi Payments] Initialized with app marketplace-app (testnet)
[Pi Payments] Initialized with app gaming-app (testnet)
node.exe : [PiSdkVerifier] PI_API_KEY not set - verification may fail
At C:\Users\13865\AppData\Roaming\npm\pnpm.ps1:24 char:5
+     & "node$exe"  "$basedir/node_modules/pnpm/bin/pnpm.cjs" $args
+     ~~~~~~~~~~~~~~~~~~~~~~~~~~~~~~~~~~~~~~~~~~~~~~~~~~~~~~~~~~~~~
    + CategoryInfo          : NotSpecified: ([PiSdkVerifier]...cation may fail:String) [], RemoteException
    + FullyQualifiedErrorId : NativeCommandError
 
[PiSdkVerifier] PI_API_KEY not set - verification may fail
ΓòÉΓòÉΓòÉΓòÉΓòÉΓòÉΓòÉΓòÉΓòÉΓòÉΓòÉΓòÉΓòÉΓòÉΓòÉΓòÉΓòÉΓòÉΓòÉΓòÉΓòÉΓòÉΓòÉΓòÉΓòÉΓòÉΓòÉΓòÉΓòÉΓòÉΓòÉΓòÉΓòÉΓòÉΓòÉΓòÉΓòÉΓòÉΓòÉΓòÉΓòÉΓòÉΓòÉΓòÉΓòÉΓòÉΓòÉΓòÉΓòÉΓòÉΓòÉΓòÉΓòÉΓòÉΓòÉΓòÉΓòÉΓòÉΓòÉΓòÉΓòÉΓòÉΓòÉ
   TRIUMPH-SYNERGY DIGITAL FINANCIAL ECOSYSTEM
   STATUS: ≡ƒƒó LIVE & OPERATIONAL
ΓòÉΓòÉΓòÉΓòÉΓòÉΓòÉΓòÉΓòÉΓòÉΓòÉΓòÉΓòÉΓòÉΓòÉΓòÉΓòÉΓòÉΓòÉΓòÉΓòÉΓòÉΓòÉΓòÉΓòÉΓòÉΓòÉΓòÉΓòÉΓòÉΓòÉΓòÉΓòÉΓòÉΓòÉΓòÉΓòÉΓòÉΓòÉΓòÉΓòÉΓòÉΓòÉΓòÉΓòÉΓòÉΓòÉΓòÉΓòÉΓòÉΓòÉΓòÉΓòÉΓòÉΓòÉΓòÉΓòÉΓòÉΓòÉΓòÉΓòÉΓòÉΓòÉΓòÉ
   Activation Date: 2026-01-09T00:00:00.000Z
   System Version: 1.0.0
   Build Status: SUCCESS
   Production Ready: true
   Active: true
   Live: true
ΓòÉΓòÉΓòÉΓòÉΓòÉΓòÉΓòÉΓòÉΓòÉΓòÉΓòÉΓòÉΓòÉΓòÉΓòÉΓòÉΓòÉΓòÉΓòÉΓòÉΓòÉΓòÉΓòÉΓòÉΓòÉΓòÉΓòÉΓòÉΓòÉΓòÉΓòÉΓòÉΓòÉΓòÉΓòÉΓòÉΓòÉΓòÉΓòÉΓòÉΓòÉΓòÉΓòÉΓòÉΓòÉΓòÉΓòÉΓòÉΓòÉΓòÉΓòÉΓòÉΓòÉΓòÉΓòÉΓòÉΓòÉΓòÉΓòÉΓòÉΓòÉΓòÉΓòÉ

≡ƒÜÇ TRIUMPH-SYNERGY ECOSYSTEM ACTIVATED
Γ£à Production Ready: TRUE
Γ£à Active: TRUE
Γ£à Activated: TRUE
Γ£à LIVE: TRUE
Γ£à Operational: TRUE

  Generating static pages using 3 workers (0/81) ...
[ApplicationRegistry] Initialized
[Pi Payments] Initialized with app ecommerce-app (testnet)
[Pi Payments] Initialized with app marketplace-app (testnet)
[Pi Payments] Initialized with app gaming-app (testnet)
  Generating static pages using 3 workers (20/81) 
[PiSdkVerifier] PI_API_KEY not set - verification may fail
  Generating static pages using 3 workers (40/81) 
  Generating static pages using 3 workers (60/81) 
Allodial Deeds Platform initialized
ΓòÉΓòÉΓòÉΓòÉΓòÉΓòÉΓòÉΓòÉΓòÉΓòÉΓòÉΓòÉΓòÉΓòÉΓòÉΓòÉΓòÉΓòÉΓòÉΓòÉΓòÉΓòÉΓòÉΓòÉΓòÉΓòÉΓòÉΓòÉΓòÉΓòÉΓòÉΓòÉΓòÉΓòÉΓòÉΓòÉΓòÉΓòÉΓòÉΓòÉΓòÉΓòÉΓòÉΓòÉΓòÉΓòÉΓòÉΓòÉΓòÉΓòÉΓòÉΓòÉΓòÉΓòÉΓòÉΓòÉΓòÉΓòÉΓòÉΓòÉΓòÉΓòÉΓòÉ
   TRIUMPH-SYNERGY HEADQUARTERS - ALLODIAL DEED REGISTERED
ΓòÉΓòÉΓòÉΓòÉΓòÉΓòÉΓòÉΓòÉΓòÉΓòÉΓòÉΓòÉΓòÉΓòÉΓòÉΓòÉΓòÉΓòÉΓòÉΓòÉΓòÉΓòÉΓòÉΓòÉΓòÉΓòÉΓòÉΓòÉΓòÉΓòÉΓòÉΓòÉΓòÉΓòÉΓòÉΓòÉΓòÉΓòÉΓòÉΓòÉΓòÉΓòÉΓòÉΓòÉΓòÉΓòÉΓòÉΓòÉΓòÉΓòÉΓòÉΓòÉΓòÉΓòÉΓòÉΓòÉΓòÉΓòÉΓòÉΓòÉΓòÉΓòÉΓòÉ
   Property: 135 Lake Como Dr, Pomona Park, FL 32181
   Deed Number: AD-TRIUMPH-HQ-001
   Status: ALLODIAL PERFECTED
   Owner: Triumph-Synergy Owner (Supreme Authority)
   Encumbrances: NONE
   Liens: NONE
   Title Type: TRUE ALLODIAL - No Government Encumbrances
   Recorded: January 9, 2026
ΓòÉΓòÉΓòÉΓòÉΓòÉΓòÉΓòÉΓòÉΓòÉΓòÉΓòÉΓòÉΓòÉΓòÉΓòÉΓòÉΓòÉΓòÉΓòÉΓòÉΓòÉΓòÉΓòÉΓòÉΓòÉΓòÉΓòÉΓòÉΓòÉΓòÉΓòÉΓòÉΓòÉΓòÉΓòÉΓòÉΓòÉΓòÉΓòÉΓòÉΓòÉΓòÉΓòÉΓòÉΓòÉΓòÉΓòÉΓòÉΓòÉΓòÉΓòÉΓòÉΓòÉΓòÉΓòÉΓòÉΓòÉΓòÉΓòÉΓòÉΓòÉΓòÉΓòÉ
Γ£ô Generating static pages using 3 workers (81/81) in 378.7ms
  Finalizing page optimization ...

Route (app)
Γöî ╞Æ /
Γö£ ╞Æ /_not-found
Γö£ ╞Æ /[...slug]
Γö£ ╞Æ /api/.well-known/pi-app-verification
Γö£ ╞Æ /api/[...proxy]
Γö£ ╞Æ /api/acquisitions
Γö£ ╞Æ /api/allodial-deeds
Γö£ ╞Æ /api/auth/[...nextauth]
Γö£ ╞Æ /api/auth/guest
Γö£ ╞Æ /api/auth/pi/callback
Γö£ ╞Æ /api/banking
Γö£ ╞Æ /api/biometric/authenticate/fallback
Γö£ ╞Æ /api/biometric/authenticate/initiate
Γö£ ╞Æ /api/biometric/authenticate/refresh
Γö£ ╞Æ /api/biometric/authenticate/verify
Γö£ ╞Æ /api/biometric/authentication/verify
Γö£ ╞Æ /api/biometric/credentials
Γö£ ╞Æ /api/biometric/credentials/[credentialId]
Γö£ ╞Æ /api/biometric/credentials/get
Γö£ ╞Æ /api/biometric/register/initiate
Γö£ ╞Æ /api/biometric/register/verify
Γö£ ╞Æ /api/biometric/registration/options
Γö£ ╞Æ /api/biometric/registration/verify
Γö£ ╞Æ /api/chainlink
Γö£ ╞Æ /api/chat
Γö£ ╞Æ /api/chat/[id]/stream
Γö£ ╞Æ /api/commerce
Γö£ ╞Æ /api/contracts
Γö£ ╞Æ /api/contracts/templates
Γö£ ╞Æ /api/contracts/webhook
Γö£ ╞Æ /api/credit
Γö£ ╞Æ /api/delivery
Γö£ ╞Æ /api/document
Γö£ ╞Æ /api/ecosystem/applications
Γö£ ╞Æ /api/ecosystem/payments
Γö£ ╞Æ /api/enterprise
Γö£ ╞Æ /api/files/upload
Γö£ ╞Æ /api/financial-hub
Γö£ ╞Æ /api/grocerant
Γö£ ╞Æ /api/health
Γö£ ╞Æ /api/history
Γö£ ╞Æ /api/nesara
Γö£ ╞Æ /api/payments
Γö£ ╞Æ /api/permits
Γö£ ╞Æ /api/pi_payment/approve
Γö£ ╞Æ /api/pi_payment/cancel
Γö£ ╞Æ /api/pi_payment/complete
Γö£ ╞Æ /api/pi_payment/error
Γö£ ╞Æ /api/pi_payment/incomplete
Γö£ ╞Æ /api/pi-dex/liquidity/add
Γö£ ╞Æ /api/pi-dex/marketplace/list
Γö£ ╞Æ /api/pi-dex/staking/stake
Γö£ ╞Æ /api/pi-dex/tokens/create
Γö£ ╞Æ /api/pi-dex/tokens/list
Γö£ ╞Æ /api/pi-dex/trading/swap
Γö£ ╞Æ /api/pi/approve
Γö£ ╞Æ /api/pi/cancel
Γö£ ╞Æ /api/pi/complete
Γö£ ╞Æ /api/pi/detect
Γö£ ╞Æ /api/pi/payment
Γö£ ╞Æ /api/pi/status
Γö£ ╞Æ /api/pi/value
Γö£ ╞Æ /api/pi/verify
Γö£ ╞Æ /api/pinet/meta
Γö£ ╞Æ /api/pios
Γö£ ╞Æ /api/real-estate
Γö£ ╞Æ /api/smart-contracts
Γö£ ╞Æ /api/stellar/consensus
Γö£ ╞Æ /api/streaming/analytics/[sessionId]
Γö£ ╞Æ /api/streaming/bandwidth/recommend
Γö£ ╞Æ /api/streaming/quality/update
Γö£ ╞Æ /api/streaming/recommendations/[userId]
Γö£ ╞Æ /api/streaming/sessions/end
Γö£ ╞Æ /api/streaming/sessions/init
Γö£ ╞Æ /api/streaming/sessions/start
Γö£ ╞Æ /api/streaming/watch-party/create
Γö£ ╞Æ /api/suggestions
Γö£ ╞Æ /api/system/status
Γö£ ╞Æ /api/transactions
Γö£ ╞Æ /api/travel
Γö£ ╞Æ /api/ubi
Γö£ ╞Æ /api/validation-key
Γö£ ╞Æ /api/vote
Γö£ ╞Æ /api/webhooks/pi
Γö£ ╞Æ /chat/[id]
Γö£ ╞Æ /validation-key-mainnet.txt
Γö£ ╞Æ /validation-key-testnet.txt
Γöö ╞Æ /validation-key.txt

Route (pages)
ΓöÇ ╞Æ /debug/pi-verification

╞Æ  (Dynamic)  server-rendered on demand

